src/app/(main)/xplore-ai/page.tsx(184,44): error TS2353: Object literal may only specify known properties, and 'itemsCenter' does not exist in type 'Properties<string | number, string & {}>'.
